---
source: src/frontend/nameres/tests.rs
description: test_locals
expression: "test_nameres\n(r#\"\n            var b = 10; \n            func a(c) {\n                var d = b;\n            }\n        \"#)"
---
Ok(
    DoBlock{
      Decl(
        id: 0,
        expr: Int(10)[26,28]
      )[18,28];
      Decl(
        id: 1,
        expr: FuncDef(
          captures: false,
          idents: [2],
          block:{
            Decl(
              id: 3,
              expr: Variable(id: 0)[79,80]
            )[71,80];
          }
        )[48,54]
      )[48,54];
    }[3,106],
)
