---
source: src/frontend/nameres/tests.rs
description: test_locals
expression: "test_nameres (_test_func! ({ var a = 10; do { var a = a; } }))"
---
Ok(
    ResolvedAstNode {
        node: Decl {
            id: 0,
            expr: Int(10)[8,10],
            is_global: false,
        }[0,10],
        global_count: 3,
        local_count: 1,
        ident_pool: IdentArray {
            0: "println",
            1: "input",
            2: "str_len",
            3: "a",
        },
    },
)
