---
source: src/frontend/nameres/tests.rs
description: test_locals
expression: "test_nameres (\"var a = 1; var b = a;\")"
---
Ok(
    DoBlock{
      Decl(
        id: 0,
        expr: Int(1)[13,14]
      )[5,14];
      Decl(
        id: 1,
        expr: Variable(id: 0)[24,25]
      )[16,25];
    }[3,28],
)
