---
source: src/frontend/nameres/tests.rs
description: test_globals
expression: "test_global_nameres\n(r#\"\n        func main(){\n            var a = 10;\n            do {\n                var a = a;\n            }\n        }\n    \n    \"#)"
---
Ok(
    Ast(
      global_count: 2,
      local_count: 0,
    ) = {
      Decl(
        id: 1
        global: true
        expr: FuncDef(
          captures: false,
          idents: [],
          local_count: 2,
          block:{
            Decl(
              id: 0,
              global: false
              expr: Int(10)[42,44]
            )[34,44];
            ResultNode(
              DoBlock{
                Decl(
                  id: 1,
                  global: false
                  expr: Variable(id: 0, global: false)[87,88]
                )[79,88];
              }[61,103]
            )[61,103];
          }
        )[14,21]
      )[14,21];
    },
)
