---
source: src/frontend/nameres/tests.rs
description: test_globals
expression: "test_global_nameres\n(r#\"\n    var b = a();\n    func a() {\n        return 10;\n    } \n    \"#)"
---
Ok(
    Decl {
        id: 0,
        expr: Call(
          callee:Variable(id: 1)[13,14],
          args:[]
        )[15,16],
    }[5,16]
    Decl {
        id: 1,
        expr: FuncDef(
          captures: false,
          idents: [],
          block:{
            ReturnNode(
              Int(10)[48,50]
            )[41,47];
          }
        )[27,32],
    }[27,32]
    ,
)
