---
source: src/frontend/nameres/tests.rs
description: test_locals
expression: "test_nameres (\"var a = 1; var b = a;\")"
---
Ok(
    ResolvedNode(
      global_count: 1,
      local_count: 2,
    ){
      DoBlock{
        Decl(
          id: 0,
          global: false
          expr: Int(1)[13,14]
        )[5,14];
        Decl(
          id: 1,
          global: false
          expr: Variable(id: 0, global: false)[24,25]
        )[16,25];
      }[3,28]
    },
)
