---
source: src/frontend/nameres/tests.rs
description: test_locals
expression: "test_nameres (\"var a = 10; do {var a = a;}\")"
---
Ok(
    Do{
        VarDecl(a@0 = Int(10)[13,15])[5,15],
        Result(
            Do{
                VarDecl(a@1 = Var(a@0)[29,30])[21,30],
            },
        )[20,32],
    }[3,34],
)
