---
source: src/frontend/nameres/tests.rs
description: test_locals
expression: "test_nameres\n(_test_func!\n({\n    var a = 10; do { var b = 20; var c = 30; var d = 123; } var c = 10; do\n    { var b = 20; var c = 30; var d = 123; }\n}))"
---
Ok(
    ResolvedAstNode {
        node: Decl {
            id: 0,
            expr: Int(10)[8,10],
            is_global: false,
        }[0,10],
        global_count: 3,
        local_count: 1,
        ident_pool: IdentArray {
            0: "println",
            1: "input",
            2: "str_len",
            3: "a",
        },
    },
)
