---
source: src/frontend/nameres/tests.rs
description: test_locals
expression: "test_nameres (_test_func! ({ for i in [1,2,3] { var b = i } }))"
---
Ok(
    ResolvedAstNode {
        node: Do {
            Result(
                ForLoop {
                    loop_var: 0,
                    list: List[
                        Int(1)[15,16],
                        Int(2)[17,18],
                        Int(3)[19,20],
                    ][14,21],
                    block: [
                        Decl {
                            id: 1,
                            expr: Variable(0)[32,33],
                            is_global: false,
                        }[24,33],
                    ][22,35],
                },
            )[9,23],
        }[3,37],
        global_count: 2,
        local_count: 2,
    },
)
