---
source: src/frontend/nameres/tests.rs
description: test_globals
expression: "test_global_nameres (_test_func! ({ var b = a(); func a() { return 10; } }))"
---
Ok(
    ResolvedAst {
        proc: [
            Decl {
                id: 3,
                expr: Function(){
                    Return(
                        Int(10),
                    )[24,30],
                }[18,23],
                is_global: true,
            }[18,23],
            Decl {
                id: 0,
                expr: Call {
                    callee: Variable(global 3)[8,9],
                    args: [],
                }[10,11],
                is_global: false,
            }[0,11],
        ],
        global_count: 4,
        local_count: 1,
    },
)
