---
source: src/frontend/parser_test.rs
expression: "parse_expr(\"a((1+2),true,'1');\")"
---
Ok(
    Call {
        callee: Var(a) at 0:1,
        args: [
            Add(
                Int(1) at 3:4,
                Int(2) at 5:6,
            ) at 4:5,
            true at 8:12,
            "1" at 14:16,
        ],
    } at 1:17,
)
