---
source: src/frontend/parser_test.rs
expression: "parse_expr (\"a.b.c.d\")"
---
Ok(
    FieldAccess {
        target: FieldAccess {
            target: FieldAccess {
                target: Var(a)[0,1],
                requested: Var(b)[2,3],
            }[0,3],
            requested: Var(c)[4,5],
        }[0,5],
        requested: Var(d)[6,7],
    }[0,7],
)
