---
source: src/frontend/parser_test.rs
expression: "parse_expr(\"struct abc{};\")"
---
Ok(
    Spanned {
        item: StructDef(
            StructDef {
                name: Some(
                    "abc",
                ),
                fields: [],
            },
        ),
        span: Span(
            7,
            12,
        ),
    },
)
