---
source: src/frontend/parser_test.rs
expression: "parse_expr (\"var a = 1+2+b;\")"
---
Ok(
    Declare(a) as BinaryNode {
        kind: Add,
        left: BinaryNode {
            kind: Add,
            left: Number(1) at 8:9,
            right: Number(2) at 10:11,
        } at 8:11,
        right: Var(b) at 12:13,
    } at 8:13 at 0:13,
)
