---
source: src/frontend/parser_test.rs
expression: "parse_expr(\"a.b.c.d\")"
---
Ok(
    Spanned {
        item: FieldAccess(
            FieldAccess {
                target: Spanned {
                    item: FieldAccess(
                        FieldAccess {
                            target: Spanned {
                                item: FieldAccess(
                                    FieldAccess {
                                        target: Spanned {
                                            item: Variable(
                                                "a",
                                            ),
                                            span: Span(
                                                0,
                                                1,
                                            ),
                                        },
                                        requested: Spanned {
                                            item: Variable(
                                                "b",
                                            ),
                                            span: Span(
                                                1,
                                                2,
                                            ),
                                        },
                                    },
                                ),
                                span: Span(
                                    1,
                                    2,
                                ),
                            },
                            requested: Spanned {
                                item: Variable(
                                    "c",
                                ),
                                span: Span(
                                    3,
                                    4,
                                ),
                            },
                        },
                    ),
                    span: Span(
                        3,
                        4,
                    ),
                },
                requested: Spanned {
                    item: Variable(
                        "d",
                    ),
                    span: Span(
                        5,
                        6,
                    ),
                },
            },
        ),
        span: Span(
            5,
            6,
        ),
    },
)
