---
source: src/frontend/parser_test.rs
expression: "parse_expr (\"do{var a = 1;1+a}\")"
---
Ok(
    Do{
        Declare(a) as Number(1) at 11:12 at 3:12,
        Result(
            BinaryNode {
                kind: Add,
                left: Number(1) at 13:14,
                right: Var(a) at 15:16,
            },
        ) at 13:16,
    } at 2:17,
)
