---
source: src/frontend/parser_test.rs
expression: "parse_expr(\"a[1]()[2]\")"
---
Ok(
    Index {
        target: Call {
            callee: Index {
                target: Var(a) at 0:1,
                index: Int(1) at 2:3,
            } at 2:4,
            args: [],
        } at 4:6,
        index: Int(2) at 7:8,
    } at 7:9,
)
