---
source: src/frontend/parser_test.rs
expression: "parse_expr(\"func(b){1}\")"
---
Ok(
    Spanned {
        item: Value(
            Function(
                Function {
                    block: [
                        Spanned {
                            item: ResultNode(
                                Spanned {
                                    item: Value(
                                        Num(
                                            1.0,
                                        ),
                                    ),
                                    span: Span(
                                        8,
                                        9,
                                    ),
                                },
                            ),
                            span: Span(
                                8,
                                9,
                            ),
                        },
                    ],
                    args: [
                        "b",
                    ],
                },
            ),
        ),
        span: Span(
            4,
            10,
        ),
    },
)
