---
source: src/frontend/parser_test.rs
expression: "parse_expr(\"struct abc{};\")"
---
Ok(
    Spanned {
        unspanned: Declaration(
            Declaration {
                var_name: "abc",
                value: Spanned {
                    unspanned: StructDef(
                        StructDef {
                            name: "abc",
                            fields: [],
                        },
                    ),
                    span: (
                        7,
                        12,
                    ),
                },
            },
        ),
        span: (
            7,
            12,
        ),
    },
)
