---
source: src/frontend/parser_test.rs
expression: "parse_expr(\"struct abc{struct dfg{};};\")"
---
Ok(
    Spanned {
        item: StructDef(
            StructDef {
                name: Some(
                    "abc",
                ),
                fields: [
                    Spanned {
                        item: StructDef(
                            StructDef {
                                name: Some(
                                    "dfg",
                                ),
                                fields: [],
                            },
                        ),
                        span: Span(
                            18,
                            23,
                        ),
                    },
                ],
            },
        ),
        span: Span(
            7,
            25,
        ),
    },
)
