---
source: src/frontend/parser_test.rs
expression: "parse_expr(\"!true;\")"
---
Ok(
    Spanned {
        item: UnaryNode(
            UnaryNode {
                kind: NOT,
                object: Spanned {
                    item: Value(
                        Bool(
                            true,
                        ),
                    ),
                    span: Span(
                        1,
                        5,
                    ),
                },
            },
        ),
        span: Span(
            1,
            5,
        ),
    },
)
