---
source: src/frontend/parser_test.rs
expression: "parse_expr(\"a();\")"
---
Ok(
    Spanned {
        item: Call(
            Call {
                callee: Spanned {
                    item: Variable(
                        "a",
                    ),
                    span: Span(
                        0,
                        1,
                    ),
                },
                args: [],
            },
        ),
        span: Span(
            1,
            3,
        ),
    },
)
