---
source: src/frontend/parser_test.rs
expression: "parse_expr(\"b.a*2\")"
---
Ok(
    Spanned {
        item: BinaryNode(
            BinaryNode {
                kind: MULTIPLY,
                left: Spanned {
                    item: FieldAccess(
                        FieldAccess {
                            target: Spanned {
                                item: Variable(
                                    "b",
                                ),
                                span: Span(
                                    0,
                                    1,
                                ),
                            },
                            requested: Spanned {
                                item: Variable(
                                    "a",
                                ),
                                span: Span(
                                    2,
                                    3,
                                ),
                            },
                        },
                    ),
                    span: Span(
                        1,
                        2,
                    ),
                },
                right: Spanned {
                    item: Value(
                        Num(
                            2.0,
                        ),
                    ),
                    span: Span(
                        4,
                        5,
                    ),
                },
            },
        ),
        span: Span(
            3,
            4,
        ),
    },
)
