---
source: src/frontend/parser_test.rs
expression: "parse_expr(\"do{var a = 1;1+a}\")"
---
Ok(
    Do{
        Declare(a) as Int(1) at 11:12 at 3:10,
        Result(
            Add(
                Int(1) at 13:14,
                Var(a) at 15:16,
            ),
        ) at 14:15,
    } at 2:17,
)
