---
source: src/frontend/parser_test.rs
expression: "parse_expr(\"a(1,1,1)+1;\")"
---
Ok(
    Add(
        Call {
            callee: Var(a) at 0:1,
            args: [
                Int(1) at 2:3,
                Int(1) at 4:5,
                Int(1) at 6:7,
            ],
        } at 1:8,
        Int(1) at 9:10,
    ) at 8:9,
)
