---
source: src/frontend/parser_test.rs
expression: "parse_expr(\"(((a.b()).c()).d()).e()\")"
---
Ok(
    Spanned {
        item: FieldAccess(
            FieldAccess {
                target: Spanned {
                    item: FieldAccess(
                        FieldAccess {
                            target: Spanned {
                                item: FieldAccess(
                                    FieldAccess {
                                        target: Spanned {
                                            item: FieldAccess(
                                                FieldAccess {
                                                    target: Spanned {
                                                        item: Variable(
                                                            "a",
                                                        ),
                                                        span: Span(
                                                            3,
                                                            4,
                                                        ),
                                                    },
                                                    requested: Spanned {
                                                        item: Method {
                                                            name: "b",
                                                            args: [],
                                                        },
                                                        span: Span(
                                                            4,
                                                            5,
                                                        ),
                                                    },
                                                },
                                            ),
                                            span: Span(
                                                4,
                                                5,
                                            ),
                                        },
                                        requested: Spanned {
                                            item: Method {
                                                name: "c",
                                                args: [],
                                            },
                                            span: Span(
                                                9,
                                                10,
                                            ),
                                        },
                                    },
                                ),
                                span: Span(
                                    9,
                                    10,
                                ),
                            },
                            requested: Spanned {
                                item: Method {
                                    name: "d",
                                    args: [],
                                },
                                span: Span(
                                    14,
                                    15,
                                ),
                            },
                        },
                    ),
                    span: Span(
                        14,
                        15,
                    ),
                },
                requested: Spanned {
                    item: Method {
                        name: "e",
                        args: [],
                    },
                    span: Span(
                        19,
                        20,
                    ),
                },
            },
        ),
        span: Span(
            19,
            20,
        ),
    },
)
