---
source: src/frontend/parser_test.rs
expression: "parse_expr (\"((1+2)+(1+2));\")"
---
Ok(
    BinaryNode {
        kind: Add,
        left: BinaryNode {
            kind: Add,
            left: Number(1) at 2:3,
            right: Number(2) at 4:5,
        } at 2:5,
        right: BinaryNode {
            kind: Add,
            left: Number(1) at 8:9,
            right: Number(2) at 10:11,
        } at 8:11,
    } at 2:11,
)
