---
source: src/frontend/parser_test.rs
expression: "parse_expr (\"struct abc{struct dfg{};};\")"
---
Ok(
    StructDef {
        name: Some(
            "abc",
        ),
        fields: [
            StructDef(
                StructDef {
                    name: Some(
                        "dfg",
                    ),
                    fields: [],
                },
            ) at 18:23,
        ],
    } at 7:25,
)
