---
source: src/frontend/parser_test.rs
expression: "parse_expr(\"a.b().c().d().e()\")"
---
Ok(
    FieldAccess {
        target: FieldAccess {
            target: FieldAccess {
                target: FieldAccess {
                    target: Var(a) at 0:1,
                    requested: .b() at 4:5,
                } at 2:5,
                requested: .c() at 8:9,
            } at 6:9,
            requested: .d() at 12:13,
        } at 10:13,
        requested: .e() at 16:17,
    } at 14:17,
)
