---
source: src/frontend/parser_test.rs
expression: "parse_expr(\"(((a.b()).c()).d()).e()\")"
---
Ok(
    FieldAccess {
        target: FieldAccess {
            target: FieldAccess {
                target: FieldAccess {
                    target: Var(a) at 3:4,
                    requested: .b() at 7:8,
                } at 5:8,
                requested: .c() at 12:13,
            } at 10:13,
            requested: .d() at 17:18,
        } at 15:18,
        requested: .e() at 22:23,
    } at 20:23,
)
