---
source: src/frontend/parser_test.rs
expression: "parse_expr(\"var a;\")"
---
Ok(
    Spanned {
        item: Declaration(
            Declaration {
                var_name: "a",
                value: Spanned {
                    item: Value(
                        Null,
                    ),
                    span: Span(
                        4,
                        5,
                    ),
                },
            },
        ),
        span: Span(
            4,
            6,
        ),
    },
)
