---
source: src/frontend/parser_test.rs
expression: "parse_expr (\"a((1+2),true,'1');\")"
---
Ok(
    Call {
        callee: Var(a) at 0:1,
        args: [
            BinaryNode {
                kind: Add,
                left: Number(1) at 3:4,
                right: Number(2) at 5:6,
            } at 3:6,
            true at 8:12,
            "1" at 14:16,
        ],
    } at 2:17,
)
