---
source: src/tests/ParserTest.rs
expression: "parse_expr(\"!0 +(+0)+(-0);\")"
---
BinaryNode(
    BinaryNode {
        kind: ADD,
        left: UnaryNode(
            UnaryNode {
                kind: NOT,
                object: Value(
                    Num(
                        0.0,
                    ),
                ),
            },
        ),
        right: BinaryNode(
            BinaryNode {
                kind: ADD,
                left: UnaryNode(
                    UnaryNode {
                        kind: POSITIVE,
                        object: Value(
                            Num(
                                0.0,
                            ),
                        ),
                    },
                ),
                right: UnaryNode(
                    UnaryNode {
                        kind: NEGATIVE,
                        object: Value(
                            Num(
                                0.0,
                            ),
                        ),
                    },
                ),
            },
        ),
    },
)
