---
source: src/tests/parser_test.rs
expression: "parse_expr(\"b = 1;\")"
---
Ok(
    Spanned {
        unspanned: Assignment(
            Assignment {
                var_name: "b",
                value: Spanned {
                    unspanned: DontResult,
                    span: (
                        0,
                        0,
                    ),
                },
            },
        ),
        span: (
            2,
            3,
        ),
    },
)
