---
source: src/tests/parser_test.rs
expression: "parse_expr(\"func a (b){1}\")"
---
Ok(
    Spanned {
        unspanned: Declaration(
            Declaration {
                var_name: "a",
                value: Spanned {
                    unspanned: Value(
                        Function(
                            Function {
                                block: Spanned {
                                    unspanned: Block(
                                        Block {
                                            body: [
                                                Spanned {
                                                    unspanned: ResultNode(
                                                        Spanned {
                                                            unspanned: Value(
                                                                Num(
                                                                    1.0,
                                                                ),
                                                            ),
                                                            span: (
                                                                11,
                                                                12,
                                                            ),
                                                        },
                                                    ),
                                                    span: (
                                                        11,
                                                        12,
                                                    ),
                                                },
                                            ],
                                        },
                                    ),
                                    span: (
                                        10,
                                        13,
                                    ),
                                },
                                args: [
                                    "b",
                                ],
                            },
                        ),
                    ),
                    span: (
                        5,
                        13,
                    ),
                },
            },
        ),
        span: (
            5,
            13,
        ),
    },
)
