---
source: src/tests/ParserTest.rs
expression: "parse_expr(\"!true + !true;\")"
---
BinaryNode(
    BinaryNode {
        kind: ADD,
        left: UnaryNode(
            UnaryNode {
                kind: NOT,
                object: Value(
                    Bool(
                        true,
                    ),
                ),
            },
        ),
        right: UnaryNode(
            UnaryNode {
                kind: NOT,
                object: Value(
                    Bool(
                        true,
                    ),
                ),
            },
        ),
    },
)
