---
source: src/tests/parser_test.rs
expression: "parse_expr(\"!(0);\")"
---
Ok(
    Spanned {
        unspanned: UnaryNode(
            UnaryNode {
                kind: NOT,
                object: Spanned {
                    unspanned: Value(
                        Num(
                            0.0,
                        ),
                    ),
                    span: (
                        2,
                        3,
                    ),
                },
            },
        ),
        span: (
            1,
            2,
        ),
    },
)
