---
source: src/frontend/ast/parser_test.rs
description: test_parsing
expression: "parse_expr (_test_func! (\"var a;\"))"
---
Ok(
    Ast {
        node: Decl::IdentId(3) = Null[0:5][0:5],
        ident_pool: IdentArray {
            0: "println",
            1: "input",
            2: "str_len",
            3: "a",
        },
    },
)
