---
source: src/frontend/ast/parser_test.rs
description: test_parsing
expression: "parse_expr (_test_func! (\"do{var a = 1;1+a}\"))"
---
Ok(
    Ast {
        node: Do{
            Decl::IdentId(3) = Int(1)[11,12][3,12],
            Result(
                BinaryNode {
                    kind: Add,
                    left: Int(1)[13,14],
                    right: Var(IdentId(3))[15,16],
                },
            )[13,16],
        }[2,17],
        ident_pool: IdentArray {
            0: "println",
            1: "input",
            2: "str_len",
            3: "a",
        },
    },
)
