---
source: src/frontend/ast/parser_test.rs
description: test_parsing
expression: "parse_expr (_test_func! (\"func(b){do{1};}\"))"
---
Ok(
    Ast {
        node: Function(IdentId(3)){
            Do{
                Result(
                    Int(1),
                )[11:12],
            }[10:13],
        }[0:15],
        ident_pool: IdentArray {
            0: "println",
            1: "input",
            2: "str_len",
            3: "b",
        },
    },
)
