---
source: src/frontend/ast/parser_test.rs
expression: "parse_expr (\"a[1]()[2]\")"
---
Ok(
    Index {
        target: Call {
            callee: Index {
                target: Var(a)[0,1],
                index: Number(1)[2,3],
            }[2,4],
            args: [],
        }[5,6],
        index: Number(2)[7,8],
    }[7,9],
)
