---
source: src/frontend/ast/parser_test.rs
expression: "parse_expr (\"!true + !true;\")"
---
Ok(
    BinaryNode {
        kind: Add,
        left: UnaryNode {
            kind: Not,
            object: true[1,5],
        }[1,5],
        right: UnaryNode {
            kind: Not,
            object: true[9,13],
        }[9,13],
    }[1,13],
)
