---
source: src/frontend/ast/parser_test.rs
description: test_parsing
expression: "parse_expr (_test_func! (\"a((1),1,1);\"))"
---
Ok(
    Ast {
        node: Call {
            callee: Var(IdentId(3))[0:1],
            args: [
                Int(1)[3:4],
                Int(1)[6:7],
                Int(1)[8:9],
            ],
        }[2:10],
        ident_pool: IdentArray {
            0: "println",
            1: "input",
            2: "str_len",
            3: "a",
        },
    },
)
