---
source: src/frontend/ast/parser_test.rs
description: test_parsing
expression: "parse_expr (_test_func! (\"!true;\"))"
---
Ok(
    Ast {
        node: UnaryNode {
            kind: Not,
            target: true[1:5],
        }[1:5],
        ident_pool: IdentArray {
            0: "println",
            1: "input",
            2: "str_len",
        },
    },
)
