---
source: src/frontend/ast/parser_test.rs
description: test_parsing
expression: "parse_expr (_test_func! (\"var a = 1+2+b;\"))"
---
Ok(
    Ast {
        node: Decl::IdentId(3) = BinaryNode {
            kind: Add,
            left: BinaryNode {
                kind: Add,
                left: Int(1)[8:9],
                right: Int(2)[10:11],
            }[8:11],
            right: Var(IdentId(4))[12:13],
        }[8:13][0:13],
        ident_pool: IdentArray {
            0: "println",
            1: "input",
            2: "str_len",
            3: "a",
            4: "b",
        },
    },
)
