---
source: src/frontend/ast/parser_test.rs
expression: "parse_expr (\"!0+(-0);\")"
---
Ok(
    BinaryNode {
        kind: Add,
        left: UnaryNode {
            kind: Not,
            object: Int(0)[1,2],
        }[1,2],
        right: UnaryNode {
            kind: Negative,
            object: Int(0)[5,6],
        }[5,6],
    }[1,6],
)
