---
source: src/frontend/ast/parser_test.rs
description: test_parsing
expression: "parse_expr (_test_func! (\"a.b.c.d\"))"
---
Ok(
    Ast {
        node: FieldAccess {
            target: FieldAccess {
                target: FieldAccess {
                    target: Var(IdentId(4))[0:1],
                    requested: Property(
                        IdentId(5)[2:3],
                    )[2:3],
                }[0:3],
                requested: Property(
                    IdentId(6)[4:5],
                )[4:5],
            }[0:5],
            requested: Property(
                IdentId(7)[6:7],
            )[6:7],
        }[0:7],
        ident_pool: IdentArray {
            0: "input",
            1: "println",
            2: "str_len",
            3: "parse_str",
            4: "a",
            5: "b",
            6: "c",
            7: "d",
        },
        file_id: FileId(Anon),
    },
)
