---
source: src/frontend/ast/parser_test.rs
description: test_parsing
expression: "parse_expr (_test_func! (\"class {}\"))"
---
Ok(
    Ast {
        node: ClassLit {
            name: None,
            fields: {},
            methods: {},
        }[6:8],
        ident_pool: IdentArray {
            0: "println",
            1: "input",
            2: "str_len",
        },
    },
)
