---
source: src/frontend/ast/parser_test.rs
description: test_parsing
expression: "parse_expr (_test_func! (\"a.b().c().d().e()\"))"
---
Ok(
    Ast {
        node: FieldAccess {
            target: FieldAccess {
                target: FieldAccess {
                    target: FieldAccess {
                        target: Var(IdentId(3))[0:1],
                        requested: Method {
                            callee: IdentId(4),
                            callee_span: 2:3,
                            args: [],
                            arg_span: 4:5,
                        }[2:5],
                    }[0:5],
                    requested: Method {
                        callee: IdentId(5),
                        callee_span: 6:7,
                        args: [],
                        arg_span: 8:9,
                    }[6:9],
                }[0:9],
                requested: Method {
                    callee: IdentId(6),
                    callee_span: 10:11,
                    args: [],
                    arg_span: 12:13,
                }[10:13],
            }[0:13],
            requested: Method {
                callee: IdentId(7),
                callee_span: 14:15,
                args: [],
                arg_span: 16:17,
            }[14:17],
        }[0:17],
        ident_pool: IdentArray {
            0: "println",
            1: "input",
            2: "str_len",
            3: "a",
            4: "b",
            5: "c",
            6: "d",
            7: "e",
        },
    },
)
