---
source: src/frontend/ast/parser_test.rs
expression: "parse_expr (\"var a = 1+2+b;\")"
---
Ok(
    Declare(a = BinaryNode {
        kind: Add,
        left: BinaryNode {
            kind: Add,
            left: Int(1)[8,9],
            right: Int(2)[10,11],
        }[8,11],
        right: Var(b)[12,13],
    }[8,13])[0,13],
)
