---
source: src/frontend/ast/parser_test.rs
description: test_parsing
expression: "parse_expr (\"(((a.b()).c()).d()).e()\")"
---
Ok(
    FieldAccess {
        target: FieldAccess {
            target: FieldAccess {
                target: FieldAccess {
                    target: Var(a)[3,4],
                    requested: Method {
                        callee: "b",
                        callee_span: 5:6,
                        args: [],
                    }[7,8],
                }[5,8],
                requested: Method {
                    callee: "c",
                    callee_span: 10:11,
                    args: [],
                }[12,13],
            }[10,13],
            requested: Method {
                callee: "d",
                callee_span: 15:16,
                args: [],
            }[17,18],
        }[15,18],
        requested: Method {
            callee: "e",
            callee_span: 20:21,
            args: [],
        }[22,23],
    }[20,23],
)
