---
source: src/frontend/ast/parser_test.rs
description: test_parsing
expression: "parse_expr (_test_func! (\"(((a.b()).c()).d()).e()\"))"
---
Ok(
    Ast {
        node: FieldAccess {
            target: FieldAccess {
                target: FieldAccess {
                    target: FieldAccess {
                        target: Var(IdentId(3))[3:4],
                        requested: Method {
                            callee: IdentId(4),
                            callee_span: 5:6,
                            args: [],
                            arg_span: 7:8,
                        }[5:8],
                    }[3:8],
                    requested: Method {
                        callee: IdentId(5),
                        callee_span: 10:11,
                        args: [],
                        arg_span: 12:13,
                    }[10:13],
                }[3:13],
                requested: Method {
                    callee: IdentId(6),
                    callee_span: 15:16,
                    args: [],
                    arg_span: 17:18,
                }[15:18],
            }[3:18],
            requested: Method {
                callee: IdentId(7),
                callee_span: 20:21,
                args: [],
                arg_span: 22:23,
            }[20:23],
        }[3:23],
        ident_pool: IdentArray {
            0: "println",
            1: "input",
            2: "str_len",
            3: "a",
            4: "b",
            5: "c",
            6: "d",
            7: "e",
        },
    },
)
