---
source: src/frontend/ast/parser_test.rs
expression: "parse_expr (\"struct abc{struct dfg{};};\")"
---
Ok(
    StructDef {
        name: Some(
            "abc",
        ),
        fields: [
            StructDef(
                StructDef {
                    name: Some(
                        "dfg",
                    ),
                    fields: [],
                },
            )[18,23],
        ],
    }[7,25],
)
