---
source: src/frontend/ir/tests.rs
description: ir_expr
expression: "test_ir (_test_func! (\"func hello(a) {println(a,2,3);}\"))"
---
Ok(
    Ir {
        span_map: SpanMap {
            0..1 = Span[23,24],
            1..2 = Span[25,26],
            2..3 = Span[27,28],
            0..3 = Span[23,29],
            3..4 = Span[15,22],
            0..5 = Span[23,29],
            0..6 = Span[14,31],
            0..1 = Span[5,15],
            0..2 = Span[5,15],
        },
        global_count: 4,
    } = [
        Push(Function(Function { address: "func_start@0", local_count: 1, param_count: 1 })),
        StoreLocal(0),
        Stop,
        Label("func_start@0"),
        LoadLocal(0),
        Push(Int(2)),
        Push(Int(3)),
        LoadGlobal(1),
        Call(3),
        FlushNull,
        Push(Null),
        Ret,
        Label("func_end@1"),
    ],
)
