---
source: src/frontend/ir/tests.rs
description: ir_expr
expression: "test_ir (_test_func! ({if true {1+2;3;} else {2+4;}}))"
---
Ok(
    Ir {
        span_map: SpanMap {
            0..1 = Span[3,7],
            2..3 = Span[9,10],
            3..4 = Span[11,12],
            2..5 = Span[9,12],
            6..7 = Span[13,14],
            2..7 = Span[8,16],
            9..10 = Span[23,24],
            10..11 = Span[25,26],
            9..12 = Span[23,26],
            9..13 = Span[22,28],
            0..14 = Span[3,9],
        },
        global_count: 3,
    } = [
        Push(Bool(true)),
        Branch("else@0"),
        Push(Int(1)),
        Push(Int(2)),
        Add,
        SetNull,
        Push(Null),
        Goto("end_if@1"),
        Label("else@0"),
        Push(Int(2)),
        Push(Int(4)),
        Add,
        SetNull,
        Label("end_if@1"),
        Stop,
    ],
)
