---
source: src/frontend/ir/tests.rs
description: ir_expr
expression: "test_ir (\"-1 != !true\")"
---
Ok(
    Bytecode {
        ops: [
            Push(
                Int(
                    1,
                ),
            ),
            Neg,
            Push(
                Bool(
                    true,
                ),
            ),
            Not,
            NotEq,
        ],
        span_map: SpanMap {
            map: [
                (
                    (
                        0,
                        1,
                    ),
                    1:2,
                ),
                (
                    (
                        1,
                        2,
                    ),
                    1:2,
                ),
                (
                    (
                        2,
                        3,
                    ),
                    7:11,
                ),
                (
                    (
                        3,
                        4,
                    ),
                    7:11,
                ),
                (
                    (
                        4,
                        5,
                    ),
                    1:11,
                ),
            ],
        },
        global_count: 1,
        local_count: 0,
    },
)
