---
source: src/frontend/ir/tests.rs
description: ir_expr
expression: "test_ir (\"1 != (2 > (3 >= ( 4 < ( 5 <= (6 == (8 ?? 9) ) ) ) ) )\")"
---
Ok(
    Bytecode {
        ops: [
            Push(
                Int(
                    1,
                ),
            ),
            Push(
                Int(
                    2,
                ),
            ),
            Push(
                Int(
                    3,
                ),
            ),
            Push(
                Int(
                    4,
                ),
            ),
            Push(
                Int(
                    5,
                ),
            ),
            Push(
                Int(
                    6,
                ),
            ),
            Push(
                Int(
                    8,
                ),
            ),
            Push(
                Int(
                    9,
                ),
            ),
            NullCo,
            Eq,
            LesserEq,
            Lesser,
            GreaterEq,
            Greater,
            NotEq,
        ],
        span_map: SpanMap {
            map: [
                (
                    (
                        0,
                        1,
                    ),
                    0:1,
                ),
                (
                    (
                        1,
                        2,
                    ),
                    6:7,
                ),
                (
                    (
                        2,
                        3,
                    ),
                    11:12,
                ),
                (
                    (
                        3,
                        4,
                    ),
                    18:19,
                ),
                (
                    (
                        4,
                        5,
                    ),
                    24:25,
                ),
                (
                    (
                        5,
                        6,
                    ),
                    30:31,
                ),
                (
                    (
                        6,
                        7,
                    ),
                    36:37,
                ),
                (
                    (
                        7,
                        8,
                    ),
                    41:42,
                ),
                (
                    (
                        8,
                        9,
                    ),
                    36:42,
                ),
                (
                    (
                        9,
                        10,
                    ),
                    30:42,
                ),
                (
                    (
                        10,
                        11,
                    ),
                    24:42,
                ),
                (
                    (
                        11,
                        12,
                    ),
                    18:42,
                ),
                (
                    (
                        12,
                        13,
                    ),
                    11:42,
                ),
                (
                    (
                        13,
                        14,
                    ),
                    6:42,
                ),
                (
                    (
                        14,
                        15,
                    ),
                    0:42,
                ),
            ],
        },
        global_count: 1,
        local_count: 0,
    },
)
