---
source: src/frontend/ir/tests.rs
description: ir_expr
expression: "test_ir (\"-1 != !true\")"
---
Ok(
    Ir {
        span_map: SpanMap {
            0..1 = Span[1,2],
            0..2 = Span[1,2],
            2..3 = Span[7,11],
            2..4 = Span[7,11],
            0..5 = Span[1,11],
        },
        global_count: 2,
    } = [
        Push(Int(1)),
        Neg,
        Push(Bool(true)),
        Not,
        NotEq,
        Stop,
    ],
)
