---
source: src/frontend/ir/tests.rs
description: ir_expr
expression: "test_ir (_test_func! ({ while true { break } }))"
---
Ok(
    Ir {
        span_map: SpanMap {
            1..2 = Span[6,10],
            3..5 = Span[11,20],
            0..7 = Span[6,12],
        },
        global_count: 3,
    } = [
        Label("loop_start@0"),
        Push(Bool(true)),
        Branch("loop_end@0"),
        Goto("loop_end@0"),
        FlushNull,
        Goto("loop_start@0"),
        Label("loop_end@0"),
        Stop,
    ],
)
