---
source: src/frontend/ir/tests.rs
description: ir_expr
expression: "test_ir (\"if true {1+2;3+4;} else {2+4;}\")"
---
Ok(
    (
        [
            Push(
                Bool(
                    true,
                ),
            ),
            Branch(
                7,
            ),
            Push(
                Int(
                    1,
                ),
            ),
            Push(
                Int(
                    2,
                ),
            ),
            Add,
            Push(
                Int(
                    3,
                ),
            ),
            Push(
                Int(
                    4,
                ),
            ),
            Add,
            Goto(
                3,
            ),
            Push(
                Int(
                    2,
                ),
            ),
            Push(
                Int(
                    4,
                ),
            ),
            Add,
        ],
        SpanMap {
            map: [
                (
                    (
                        0,
                        1,
                    ),
                    3:7,
                ),
                (
                    (
                        1,
                        2,
                    ),
                    3:9,
                ),
                (
                    (
                        2,
                        3,
                    ),
                    9:10,
                ),
                (
                    (
                        3,
                        4,
                    ),
                    11:12,
                ),
                (
                    (
                        4,
                        5,
                    ),
                    9:12,
                ),
                (
                    (
                        5,
                        6,
                    ),
                    13:14,
                ),
                (
                    (
                        6,
                        7,
                    ),
                    15:16,
                ),
                (
                    (
                        7,
                        8,
                    ),
                    13:16,
                ),
                (
                    (
                        8,
                        9,
                    ),
                    3:9,
                ),
                (
                    (
                        9,
                        10,
                    ),
                    25:26,
                ),
                (
                    (
                        10,
                        11,
                    ),
                    27:28,
                ),
                (
                    (
                        11,
                        12,
                    ),
                    25:28,
                ),
            ],
        },
    ),
)
